// Jest Snapshot v1, https://goo.gl/fbAQLP

exports[`Company Profile renders a snapshot 1`] = `
<div>
  <div>
    <div
      class="MuiPaper-root MuiPaper-elevation MuiPaper-rounded MuiPaper-elevation3 css-3su884-MuiPaper-root"
    >
      <div
        class="MuiGrid-root MuiGrid-container MuiGrid-spacing-xs-3 css-zow5z4-MuiGrid-root"
      >
        <div
          class="MuiGrid-root MuiGrid-item MuiGrid-grid-xs-6 css-1osj8n2-MuiGrid-root"
        >
          <h1>
            Triple Letter
          </h1>
        </div>
        <div
          class="MuiGrid-root MuiGrid-item MuiGrid-grid-xs-6 css-1osj8n2-MuiGrid-root"
        >
          Entertainment
          /
          Media
          /
          Private
        </div>
        <div
          class="MuiGrid-root MuiGrid-item css-13i4rnv-MuiGrid-root"
        >
          <div
            class="MuiAvatar-root MuiAvatar-circular MuiAvatar-colorDefault css-2s90m6-MuiAvatar-root"
          >
            XYZ
          </div>
        </div>
        <div
          class="MuiGrid-root MuiGrid-item MuiGrid-zeroMinWidth MuiGrid-grid-xs-true css-1trorcb-MuiGrid-root"
        >
          <p
            class="MuiTypography-root MuiTypography-body1 css-ahj2mt-MuiTypography-root"
          >
            A made up company for testing
          </p>
        </div>
      </div>
    </div>
  </div>
</div>
`;
